Component: ARM Compiler 5.06 update 7 (build 960) Tool: armlink [4d3601]

==============================================================================

Section Cross References

    bsp_usart.o(.text) refers to misc.o(.text) for NVIC_PriorityGroupConfig
    bsp_usart.o(.text) refers to stm32f10x_rcc.o(.text) for RCC_APB2PeriphClockCmd
    bsp_usart.o(.text) refers to stm32f10x_gpio.o(.text) for GPIO_Init
    bsp_usart.o(.text) refers to stm32f10x_usart.o(.text) for USART_Init
    main.o(.text) refers to printf3.o(i.__0printf$3) for __2printf
    main.o(.text) refers to bsp_usart.o(.text) for USART_Config
    main.o(.text) refers to tasks.o(.text) for xTaskCreate
    main.o(.text) refers to main.o(.data) for Task_Handle
    main.o(.text) refers to main.o(.bss) for xTask3TCB
    stm32f10x_it.o(.text) refers to port.o(.text) for xPortSysTickHandler
    tasks.o(.text) refers to list.o(.text) for vListInitialise
    tasks.o(.text) refers to port.o(.text) for vPortEnterCritical
    tasks.o(.text) refers to printf3.o(i.__0printf$3) for __2printf
    tasks.o(.text) refers to heap_2.o(.text) for pvPortMalloc
    tasks.o(.text) refers to tasks.o(.bss) for pxReadyTasksLists
    tasks.o(.text) refers to tasks.o(.data) for pxDelayedTaskList
    tasks.o(.text) refers to main.o(.text) for vApplicationGetIdleTaskMemory
    queue.o(.text) refers to printf3.o(i.__0printf$3) for __2printf
    queue.o(.text) refers to port.o(.text) for vPortEnterCritical
    queue.o(.text) refers to tasks.o(.text) for xTaskRemoveFromEventList
    queue.o(.text) refers to list.o(.text) for vListInitialise
    queue.o(.text) refers to heap_2.o(.text) for pvPortMalloc
    queue.o(.text) refers to memcpya.o(.text) for __aeabi_memcpy
    queue.o(.text) refers to queue.o(.bss) for xQueueRegistry
    event_groups.o(.text) refers to printf3.o(i.__0printf$3) for __2printf
    event_groups.o(.text) refers to list.o(.text) for vListInitialise
    event_groups.o(.text) refers to heap_2.o(.text) for pvPortMalloc
    event_groups.o(.text) refers to tasks.o(.text) for vTaskSuspendAll
    event_groups.o(.text) refers to port.o(.text) for vPortEnterCritical
    port.o(.emb_text) refers to tasks.o(.text) for vTaskSwitchContext
    port.o(.emb_text) refers to tasks.o(.data) for pxCurrentTCB
    port.o(.text) refers to printf3.o(i.__0printf$3) for __2printf
    port.o(.text) refers to port.o(.emb_text) for __asm___6_port_c_39a90d8d__prvStartFirstTask
    port.o(.text) refers to tasks.o(.text) for xTaskIncrementTick
    port.o(.text) refers to port.o(.data) for uxCriticalNesting
    port.o(.text) refers to system_stm32f10x.o(.data) for SystemCoreClock
    heap_2.o(.text) refers to tasks.o(.text) for vTaskSuspendAll
    heap_2.o(.text) refers to printf3.o(i.__0printf$3) for __2printf
    heap_2.o(.text) refers to heap_2.o(.bss) for ucHeap
    heap_2.o(.text) refers to heap_2.o(.data) for xStart
    startup_stm32f10x_hd.o(RESET) refers to startup_stm32f10x_hd.o(STACK) for __initial_sp
    startup_stm32f10x_hd.o(RESET) refers to startup_stm32f10x_hd.o(.text) for Reset_Handler
    startup_stm32f10x_hd.o(RESET) refers to stm32f10x_it.o(.text) for NMI_Handler
    startup_stm32f10x_hd.o(RESET) refers to port.o(.emb_text) for SVC_Handler
    startup_stm32f10x_hd.o(.text) refers to system_stm32f10x.o(.text) for SystemInit
    startup_stm32f10x_hd.o(.text) refers to entry.o(.ARM.Collect$$$$00000000) for __main
    system_stm32f10x.o(.text) refers to system_stm32f10x.o(.data) for SystemCoreClock
    stm32f10x_usart.o(.text) refers to stm32f10x_rcc.o(.text) for RCC_APB2PeriphResetCmd
    stm32f10x_gpio.o(.text) refers to stm32f10x_rcc.o(.text) for RCC_APB2PeriphResetCmd
    stm32f10x_rcc.o(.text) refers to stm32f10x_rcc.o(.data) for APBAHBPrescTable
    stm32f10x_tim.o(.text) refers to stm32f10x_rcc.o(.text) for RCC_APB2PeriphResetCmd
    entry.o(.ARM.Collect$$$$00000000) refers (Special) to entry10a.o(.ARM.Collect$$$$0000000F) for __rt_final_cpp
    entry.o(.ARM.Collect$$$$00000000) refers (Special) to entry11a.o(.ARM.Collect$$$$00000011) for __rt_final_exit
    entry.o(.ARM.Collect$$$$00000000) refers (Special) to entry12b.o(.ARM.Collect$$$$0000000E) for __rt_lib_shutdown_fini
    entry.o(.ARM.Collect$$$$00000000) refers (Special) to entry7b.o(.ARM.Collect$$$$00000008) for _main_clock
    entry.o(.ARM.Collect$$$$00000000) refers (Special) to entry8b.o(.ARM.Collect$$$$0000000A) for _main_cpp_init
    entry.o(.ARM.Collect$$$$00000000) refers (Special) to entry9a.o(.ARM.Collect$$$$0000000B) for _main_init
    entry.o(.ARM.Collect$$$$00000000) refers (Special) to entry5.o(.ARM.Collect$$$$00000004) for _main_scatterload
    entry.o(.ARM.Collect$$$$00000000) refers (Special) to entry2.o(.ARM.Collect$$$$00000001) for _main_stk
    printfb.o(i.__0fprintf$bare) refers to printfb.o(i._printf_core) for _printf_core
    printfb.o(i.__0fprintf$bare) refers to bsp_usart.o(.text) for fputc
    printfb.o(i.__0printf$bare) refers to printfb.o(i._printf_core) for _printf_core
    printfb.o(i.__0printf$bare) refers to bsp_usart.o(.text) for fputc
    printfb.o(i.__0printf$bare) refers to stdout.o(.data) for __stdout
    printfb.o(i.__0snprintf$bare) refers to printfb.o(i._printf_core) for _printf_core
    printfb.o(i.__0snprintf$bare) refers to printfb.o(i._snputc) for _snputc
    printfb.o(i.__0sprintf$bare) refers to printfb.o(i._printf_core) for _printf_core
    printfb.o(i.__0sprintf$bare) refers to printfb.o(i._sputc) for _sputc
    printfb.o(i.__0vfprintf$bare) refers to printfb.o(i._printf_core) for _printf_core
    printfb.o(i.__0vfprintf$bare) refers to bsp_usart.o(.text) for fputc
    printfb.o(i.__0vprintf$bare) refers to printfb.o(i._printf_core) for _printf_core
    printfb.o(i.__0vprintf$bare) refers to bsp_usart.o(.text) for fputc
    printfb.o(i.__0vprintf$bare) refers to stdout.o(.data) for __stdout
    printfb.o(i.__0vsnprintf$bare) refers to printfb.o(i._printf_core) for _printf_core
    printfb.o(i.__0vsnprintf$bare) refers to printfb.o(i._snputc) for _snputc
    printfb.o(i.__0vsprintf$bare) refers to printfb.o(i._printf_core) for _printf_core
    printfb.o(i.__0vsprintf$bare) refers to printfb.o(i._sputc) for _sputc
    printf0.o(i.__0fprintf$0) refers to printf0.o(i._printf_core) for _printf_core
    printf0.o(i.__0fprintf$0) refers to bsp_usart.o(.text) for fputc
    printf0.o(i.__0printf$0) refers to printf0.o(i._printf_core) for _printf_core
    printf0.o(i.__0printf$0) refers to bsp_usart.o(.text) for fputc
    printf0.o(i.__0printf$0) refers to stdout.o(.data) for __stdout
    printf0.o(i.__0snprintf$0) refers to printf0.o(i._printf_core) for _printf_core
    printf0.o(i.__0snprintf$0) refers to printf0.o(i._snputc) for _snputc
    printf0.o(i.__0sprintf$0) refers to printf0.o(i._printf_core) for _printf_core
    printf0.o(i.__0sprintf$0) refers to printf0.o(i._sputc) for _sputc
    printf0.o(i.__0vfprintf$0) refers to printf0.o(i._printf_core) for _printf_core
    printf0.o(i.__0vfprintf$0) refers to bsp_usart.o(.text) for fputc
    printf0.o(i.__0vprintf$0) refers to printf0.o(i._printf_core) for _printf_core
    printf0.o(i.__0vprintf$0) refers to bsp_usart.o(.text) for fputc
    printf0.o(i.__0vprintf$0) refers to stdout.o(.data) for __stdout
    printf0.o(i.__0vsnprintf$0) refers to printf0.o(i._printf_core) for _printf_core
    printf0.o(i.__0vsnprintf$0) refers to printf0.o(i._snputc) for _snputc
    printf0.o(i.__0vsprintf$0) refers to printf0.o(i._printf_core) for _printf_core
    printf0.o(i.__0vsprintf$0) refers to printf0.o(i._sputc) for _sputc
    printf1.o(i.__0fprintf$1) refers to printf1.o(i._printf_core) for _printf_core
    printf1.o(i.__0fprintf$1) refers to bsp_usart.o(.text) for fputc
    printf1.o(i.__0printf$1) refers to printf1.o(i._printf_core) for _printf_core
    printf1.o(i.__0printf$1) refers to bsp_usart.o(.text) for fputc
    printf1.o(i.__0printf$1) refers to stdout.o(.data) for __stdout
    printf1.o(i.__0snprintf$1) refers to printf1.o(i._printf_core) for _printf_core
    printf1.o(i.__0snprintf$1) refers to printf1.o(i._snputc) for _snputc
    printf1.o(i.__0sprintf$1) refers to printf1.o(i._printf_core) for _printf_core
    printf1.o(i.__0sprintf$1) refers to printf1.o(i._sputc) for _sputc
    printf1.o(i.__0vfprintf$1) refers to printf1.o(i._printf_core) for _printf_core
    printf1.o(i.__0vfprintf$1) refers to bsp_usart.o(.text) for fputc
    printf1.o(i.__0vprintf$1) refers to printf1.o(i._printf_core) for _printf_core
    printf1.o(i.__0vprintf$1) refers to bsp_usart.o(.text) for fputc
    printf1.o(i.__0vprintf$1) refers to stdout.o(.data) for __stdout
    printf1.o(i.__0vsnprintf$1) refers to printf1.o(i._printf_core) for _printf_core
    printf1.o(i.__0vsnprintf$1) refers to printf1.o(i._snputc) for _snputc
    printf1.o(i.__0vsprintf$1) refers to printf1.o(i._printf_core) for _printf_core
    printf1.o(i.__0vsprintf$1) refers to printf1.o(i._sputc) for _sputc
    printf1.o(i._printf_core) refers to uidiv.o(.text) for __aeabi_uidivmod
    printf2.o(i.__0fprintf$2) refers to printf2.o(i._printf_core) for _printf_core
    printf2.o(i.__0fprintf$2) refers to bsp_usart.o(.text) for fputc
    printf2.o(i.__0printf$2) refers to printf2.o(i._printf_core) for _printf_core
    printf2.o(i.__0printf$2) refers to bsp_usart.o(.text) for fputc
    printf2.o(i.__0printf$2) refers to stdout.o(.data) for __stdout
    printf2.o(i.__0snprintf$2) refers to printf2.o(i._printf_core) for _printf_core
    printf2.o(i.__0snprintf$2) refers to printf2.o(i._snputc) for _snputc
    printf2.o(i.__0sprintf$2) refers to printf2.o(i._printf_core) for _printf_core
    printf2.o(i.__0sprintf$2) refers to printf2.o(i._sputc) for _sputc
    printf2.o(i.__0vfprintf$2) refers to printf2.o(i._printf_core) for _printf_core
    printf2.o(i.__0vfprintf$2) refers to bsp_usart.o(.text) for fputc
    printf2.o(i.__0vprintf$2) refers to printf2.o(i._printf_core) for _printf_core
    printf2.o(i.__0vprintf$2) refers to bsp_usart.o(.text) for fputc
    printf2.o(i.__0vprintf$2) refers to stdout.o(.data) for __stdout
    printf2.o(i.__0vsnprintf$2) refers to printf2.o(i._printf_core) for _printf_core
    printf2.o(i.__0vsnprintf$2) refers to printf2.o(i._snputc) for _snputc
    printf2.o(i.__0vsprintf$2) refers to printf2.o(i._printf_core) for _printf_core
    printf2.o(i.__0vsprintf$2) refers to printf2.o(i._sputc) for _sputc
    printf3.o(i.__0fprintf$3) refers to printf3.o(i._printf_core) for _printf_core
    printf3.o(i.__0fprintf$3) refers to bsp_usart.o(.text) for fputc
    printf3.o(i.__0printf$3) refers to printf3.o(i._printf_core) for _printf_core
    printf3.o(i.__0printf$3) refers to bsp_usart.o(.text) for fputc
    printf3.o(i.__0printf$3) refers to stdout.o(.data) for __stdout
    printf3.o(i.__0snprintf$3) refers to printf3.o(i._printf_core) for _printf_core
    printf3.o(i.__0snprintf$3) refers to printf3.o(i._snputc) for _snputc
    printf3.o(i.__0sprintf$3) refers to printf3.o(i._printf_core) for _printf_core
    printf3.o(i.__0sprintf$3) refers to printf3.o(i._sputc) for _sputc
    printf3.o(i.__0vfprintf$3) refers to printf3.o(i._printf_core) for _printf_core
    printf3.o(i.__0vfprintf$3) refers to bsp_usart.o(.text) for fputc
    printf3.o(i.__0vprintf$3) refers to printf3.o(i._printf_core) for _printf_core
    printf3.o(i.__0vprintf$3) refers to bsp_usart.o(.text) for fputc
    printf3.o(i.__0vprintf$3) refers to stdout.o(.data) for __stdout
    printf3.o(i.__0vsnprintf$3) refers to printf3.o(i._printf_core) for _printf_core
    printf3.o(i.__0vsnprintf$3) refers to printf3.o(i._snputc) for _snputc
    printf3.o(i.__0vsprintf$3) refers to printf3.o(i._printf_core) for _printf_core
    printf3.o(i.__0vsprintf$3) refers to printf3.o(i._sputc) for _sputc
    printf3.o(i._printf_core) refers to uidiv.o(.text) for __aeabi_uidivmod
    printf4.o(i.__0fprintf$4) refers to printf4.o(i._printf_core) for _printf_core
    printf4.o(i.__0fprintf$4) refers to bsp_usart.o(.text) for fputc
    printf4.o(i.__0printf$4) refers to printf4.o(i._printf_core) for _printf_core
    printf4.o(i.__0printf$4) refers to bsp_usart.o(.text) for fputc
    printf4.o(i.__0printf$4) refers to stdout.o(.data) for __stdout
    printf4.o(i.__0snprintf$4) refers to printf4.o(i._printf_core) for _printf_core
    printf4.o(i.__0snprintf$4) refers to printf4.o(i._snputc) for _snputc
    printf4.o(i.__0sprintf$4) refers to printf4.o(i._printf_core) for _printf_core
    printf4.o(i.__0sprintf$4) refers to printf4.o(i._sputc) for _sputc
    printf4.o(i.__0vfprintf$4) refers to printf4.o(i._printf_core) for _printf_core
    printf4.o(i.__0vfprintf$4) refers to bsp_usart.o(.text) for fputc
    printf4.o(i.__0vprintf$4) refers to printf4.o(i._printf_core) for _printf_core
    printf4.o(i.__0vprintf$4) refers to bsp_usart.o(.text) for fputc
    printf4.o(i.__0vprintf$4) refers to stdout.o(.data) for __stdout
    printf4.o(i.__0vsnprintf$4) refers to printf4.o(i._printf_core) for _printf_core
    printf4.o(i.__0vsnprintf$4) refers to printf4.o(i._snputc) for _snputc
    printf4.o(i.__0vsprintf$4) refers to printf4.o(i._printf_core) for _printf_core
    printf4.o(i.__0vsprintf$4) refers to printf4.o(i._sputc) for _sputc
    printf4.o(i._printf_core) refers to uldiv.o(.text) for __aeabi_uldivmod
    printf5.o(i.__0fprintf$5) refers to printf5.o(i._printf_core) for _printf_core
    printf5.o(i.__0fprintf$5) refers to bsp_usart.o(.text) for fputc
    printf5.o(i.__0printf$5) refers to printf5.o(i._printf_core) for _printf_core
    printf5.o(i.__0printf$5) refers to bsp_usart.o(.text) for fputc
    printf5.o(i.__0printf$5) refers to stdout.o(.data) for __stdout
    printf5.o(i.__0snprintf$5) refers to printf5.o(i._printf_core) for _printf_core
    printf5.o(i.__0snprintf$5) refers to printf5.o(i._snputc) for _snputc
    printf5.o(i.__0sprintf$5) refers to printf5.o(i._printf_core) for _printf_core
    printf5.o(i.__0sprintf$5) refers to printf5.o(i._sputc) for _sputc
    printf5.o(i.__0vfprintf$5) refers to printf5.o(i._printf_core) for _printf_core
    printf5.o(i.__0vfprintf$5) refers to bsp_usart.o(.text) for fputc
    printf5.o(i.__0vprintf$5) refers to printf5.o(i._printf_core) for _printf_core
    printf5.o(i.__0vprintf$5) refers to bsp_usart.o(.text) for fputc
    printf5.o(i.__0vprintf$5) refers to stdout.o(.data) for __stdout
    printf5.o(i.__0vsnprintf$5) refers to printf5.o(i._printf_core) for _printf_core
    printf5.o(i.__0vsnprintf$5) refers to printf5.o(i._snputc) for _snputc
    printf5.o(i.__0vsprintf$5) refers to printf5.o(i._printf_core) for _printf_core
    printf5.o(i.__0vsprintf$5) refers to printf5.o(i._sputc) for _sputc
    printf5.o(i._printf_core) refers to uldiv.o(.text) for __aeabi_uldivmod
    printf6.o(i.__0fprintf$6) refers to printf6.o(i._printf_core) for _printf_core
    printf6.o(i.__0fprintf$6) refers to bsp_usart.o(.text) for fputc
    printf6.o(i.__0printf$6) refers to printf6.o(i._printf_core) for _printf_core
    printf6.o(i.__0printf$6) refers to bsp_usart.o(.text) for fputc
    printf6.o(i.__0printf$6) refers to stdout.o(.data) for __stdout
    printf6.o(i.__0snprintf$6) refers to printf6.o(i._printf_core) for _printf_core
    printf6.o(i.__0snprintf$6) refers to printf6.o(i._snputc) for _snputc
    printf6.o(i.__0sprintf$6) refers to printf6.o(i._printf_core) for _printf_core
    printf6.o(i.__0sprintf$6) refers to printf6.o(i._sputc) for _sputc
    printf6.o(i.__0vfprintf$6) refers to printf6.o(i._printf_core) for _printf_core
    printf6.o(i.__0vfprintf$6) refers to bsp_usart.o(.text) for fputc
    printf6.o(i.__0vprintf$6) refers to printf6.o(i._printf_core) for _printf_core
    printf6.o(i.__0vprintf$6) refers to bsp_usart.o(.text) for fputc
    printf6.o(i.__0vprintf$6) refers to stdout.o(.data) for __stdout
    printf6.o(i.__0vsnprintf$6) refers to printf6.o(i._printf_core) for _printf_core
    printf6.o(i.__0vsnprintf$6) refers to printf6.o(i._snputc) for _snputc
    printf6.o(i.__0vsprintf$6) refers to printf6.o(i._printf_core) for _printf_core
    printf6.o(i.__0vsprintf$6) refers to printf6.o(i._sputc) for _sputc
    printf6.o(i._printf_core) refers to printf6.o(i._printf_pre_padding) for _printf_pre_padding
    printf6.o(i._printf_core) refers to uidiv.o(.text) for __aeabi_uidivmod
    printf6.o(i._printf_core) refers to printf6.o(i._printf_post_padding) for _printf_post_padding
    printf7.o(i.__0fprintf$7) refers to printf7.o(i._printf_core) for _printf_core
    printf7.o(i.__0fprintf$7) refers to bsp_usart.o(.text) for fputc
    printf7.o(i.__0printf$7) refers to printf7.o(i._printf_core) for _printf_core
    printf7.o(i.__0printf$7) refers to bsp_usart.o(.text) for fputc
    printf7.o(i.__0printf$7) refers to stdout.o(.data) for __stdout
    printf7.o(i.__0snprintf$7) refers to printf7.o(i._printf_core) for _printf_core
    printf7.o(i.__0snprintf$7) refers to printf7.o(i._snputc) for _snputc
    printf7.o(i.__0sprintf$7) refers to printf7.o(i._printf_core) for _printf_core
    printf7.o(i.__0sprintf$7) refers to printf7.o(i._sputc) for _sputc
    printf7.o(i.__0vfprintf$7) refers to printf7.o(i._printf_core) for _printf_core
    printf7.o(i.__0vfprintf$7) refers to bsp_usart.o(.text) for fputc
    printf7.o(i.__0vprintf$7) refers to printf7.o(i._printf_core) for _printf_core
    printf7.o(i.__0vprintf$7) refers to bsp_usart.o(.text) for fputc
    printf7.o(i.__0vprintf$7) refers to stdout.o(.data) for __stdout
    printf7.o(i.__0vsnprintf$7) refers to printf7.o(i._printf_core) for _printf_core
    printf7.o(i.__0vsnprintf$7) refers to printf7.o(i._snputc) for _snputc
    printf7.o(i.__0vsprintf$7) refers to printf7.o(i._printf_core) for _printf_core
    printf7.o(i.__0vsprintf$7) refers to printf7.o(i._sputc) for _sputc
    printf7.o(i._printf_core) refers to printf7.o(i._printf_pre_padding) for _printf_pre_padding
    printf7.o(i._printf_core) refers to uldiv.o(.text) for __aeabi_uldivmod
    printf7.o(i._printf_core) refers to printf7.o(i._printf_post_padding) for _printf_post_padding
    printf8.o(i.__0fprintf$8) refers to printf8.o(i._printf_core) for _printf_core
    printf8.o(i.__0fprintf$8) refers to bsp_usart.o(.text) for fputc
    printf8.o(i.__0printf$8) refers to printf8.o(i._printf_core) for _printf_core
    printf8.o(i.__0printf$8) refers to bsp_usart.o(.text) for fputc
    printf8.o(i.__0printf$8) refers to stdout.o(.data) for __stdout
    printf8.o(i.__0snprintf$8) refers to printf8.o(i._printf_core) for _printf_core
    printf8.o(i.__0snprintf$8) refers to printf8.o(i._snputc) for _snputc
    printf8.o(i.__0sprintf$8) refers to printf8.o(i._printf_core) for _printf_core
    printf8.o(i.__0sprintf$8) refers to printf8.o(i._sputc) for _sputc
    printf8.o(i.__0vfprintf$8) refers to printf8.o(i._printf_core) for _printf_core
    printf8.o(i.__0vfprintf$8) refers to bsp_usart.o(.text) for fputc
    printf8.o(i.__0vprintf$8) refers to printf8.o(i._printf_core) for _printf_core
    printf8.o(i.__0vprintf$8) refers to bsp_usart.o(.text) for fputc
    printf8.o(i.__0vprintf$8) refers to stdout.o(.data) for __stdout
    printf8.o(i.__0vsnprintf$8) refers to printf8.o(i._printf_core) for _printf_core
    printf8.o(i.__0vsnprintf$8) refers to printf8.o(i._snputc) for _snputc
    printf8.o(i.__0vsprintf$8) refers to printf8.o(i._printf_core) for _printf_core
    printf8.o(i.__0vsprintf$8) refers to printf8.o(i._sputc) for _sputc
    printf8.o(i._printf_core) refers to printf8.o(i._printf_pre_padding) for _printf_pre_padding
    printf8.o(i._printf_core) refers to uldiv.o(.text) for __aeabi_uldivmod
    printf8.o(i._printf_core) refers to printf8.o(i._printf_post_padding) for _printf_post_padding
    printfa.o(i.__0fprintf) refers (Special) to iusefp.o(.text) for __I$use$fp
    printfa.o(i.__0fprintf) refers to printfa.o(i._printf_core) for _printf_core
    printfa.o(i.__0fprintf) refers to bsp_usart.o(.text) for fputc
    printfa.o(i.__0printf) refers (Special) to iusefp.o(.text) for __I$use$fp
    printfa.o(i.__0printf) refers to printfa.o(i._printf_core) for _printf_core
    printfa.o(i.__0printf) refers to bsp_usart.o(.text) for fputc
    printfa.o(i.__0printf) refers to stdout.o(.data) for __stdout
    printfa.o(i.__0snprintf) refers (Special) to iusefp.o(.text) for __I$use$fp
    printfa.o(i.__0snprintf) refers to printfa.o(i._printf_core) for _printf_core
    printfa.o(i.__0snprintf) refers to printfa.o(i._snputc) for _snputc
    printfa.o(i.__0sprintf) refers (Special) to iusefp.o(.text) for __I$use$fp
    printfa.o(i.__0sprintf) refers to printfa.o(i._printf_core) for _printf_core
    printfa.o(i.__0sprintf) refers to printfa.o(i._sputc) for _sputc
    printfa.o(i.__0vfprintf) refers (Special) to iusefp.o(.text) for __I$use$fp
    printfa.o(i.__0vfprintf) refers to printfa.o(i._printf_core) for _printf_core
    printfa.o(i.__0vfprintf) refers to bsp_usart.o(.text) for fputc
    printfa.o(i.__0vprintf) refers (Special) to iusefp.o(.text) for __I$use$fp
    printfa.o(i.__0vprintf) refers to printfa.o(i._printf_core) for _printf_core
    printfa.o(i.__0vprintf) refers to bsp_usart.o(.text) for fputc
    printfa.o(i.__0vprintf) refers to stdout.o(.data) for __stdout
    printfa.o(i.__0vsnprintf) refers (Special) to iusefp.o(.text) for __I$use$fp
    printfa.o(i.__0vsnprintf) refers to printfa.o(i._printf_core) for _printf_core
    printfa.o(i.__0vsnprintf) refers to printfa.o(i._snputc) for _snputc
    printfa.o(i.__0vsprintf) refers (Special) to iusefp.o(.text) for __I$use$fp
    printfa.o(i.__0vsprintf) refers to printfa.o(i._printf_core) for _printf_core
    printfa.o(i.__0vsprintf) refers to printfa.o(i._sputc) for _sputc
    printfa.o(i._fp_digits) refers (Special) to iusefp.o(.text) for __I$use$fp
    printfa.o(i._fp_digits) refers to dmul.o(.text) for __aeabi_dmul
    printfa.o(i._fp_digits) refers to ddiv.o(.text) for __aeabi_ddiv
    printfa.o(i._fp_digits) refers to cdrcmple.o(.text) for __aeabi_cdrcmple
    printfa.o(i._fp_digits) refers to dadd.o(.text) for __aeabi_dadd
    printfa.o(i._fp_digits) refers to dfixul.o(.text) for __aeabi_d2ulz
    printfa.o(i._fp_digits) refers to uldiv.o(.text) for __aeabi_uldivmod
    printfa.o(i._printf_core) refers (Special) to iusefp.o(.text) for __I$use$fp
    printfa.o(i._printf_core) refers to printfa.o(i._printf_pre_padding) for _printf_pre_padding
    printfa.o(i._printf_core) refers to uldiv.o(.text) for __aeabi_uldivmod
    printfa.o(i._printf_core) refers to printfa.o(i._printf_post_padding) for _printf_post_padding
    printfa.o(i._printf_core) refers to printfa.o(i._fp_digits) for _fp_digits
    printfa.o(i._printf_core) refers to uidiv.o(.text) for __aeabi_uidivmod
    printfa.o(i._printf_post_padding) refers (Special) to iusefp.o(.text) for __I$use$fp
    printfa.o(i._printf_pre_padding) refers (Special) to iusefp.o(.text) for __I$use$fp
    printfa.o(i._snputc) refers (Special) to iusefp.o(.text) for __I$use$fp
    printfa.o(i._sputc) refers (Special) to iusefp.o(.text) for __I$use$fp
    entry2.o(.ARM.Collect$$$$00000001) refers to entry2.o(.ARM.Collect$$$$00002712) for __lit__00000000
    entry2.o(.ARM.Collect$$$$00002712) refers to startup_stm32f10x_hd.o(STACK) for __initial_sp
    entry2.o(__vectab_stack_and_reset_area) refers to startup_stm32f10x_hd.o(STACK) for __initial_sp
    entry2.o(__vectab_stack_and_reset_area) refers to entry.o(.ARM.Collect$$$$00000000) for __main
    entry5.o(.ARM.Collect$$$$00000004) refers to init.o(.text) for __scatterload
    entry9a.o(.ARM.Collect$$$$0000000B) refers to main.o(.text) for main
    entry9b.o(.ARM.Collect$$$$0000000C) refers to main.o(.text) for main
    uldiv.o(.text) refers to llushr.o(.text) for __aeabi_llsr
    uldiv.o(.text) refers to llshl.o(.text) for __aeabi_llsl
    dadd.o(.text) refers to llshl.o(.text) for __aeabi_llsl
    dadd.o(.text) refers to llsshr.o(.text) for __aeabi_lasr
    dadd.o(.text) refers to depilogue.o(.text) for _double_epilogue
    dmul.o(.text) refers to depilogue.o(.text) for _double_epilogue
    ddiv.o(.text) refers to depilogue.o(.text) for _double_round
    dfixul.o(.text) refers to llushr.o(.text) for __aeabi_llsr
    dfixul.o(.text) refers to llshl.o(.text) for __aeabi_llsl
    init.o(.text) refers to entry5.o(.ARM.Collect$$$$00000004) for __main_after_scatterload
    depilogue.o(.text) refers to llshl.o(.text) for __aeabi_llsl
    depilogue.o(.text) refers to llushr.o(.text) for __aeabi_llsr


==============================================================================

Removing Unused input sections from the image.

    Removing queue.o(.text), (3548 bytes).
    Removing queue.o(.bss), (80 bytes).
    Removing event_groups.o(.text), (1142 bytes).
    Removing startup_stm32f10x_hd.o(HEAP), (512 bytes).
    Removing core_cm3.o(.emb_text), (32 bytes).
    Removing stm32f10x_tim.o(.text), (3610 bytes).
    Removing dadd.o(.text), (334 bytes).
    Removing dmul.o(.text), (228 bytes).
    Removing ddiv.o(.text), (222 bytes).
    Removing dfixul.o(.text), (48 bytes).
    Removing cdrcmple.o(.text), (48 bytes).
    Removing depilogue.o(.text), (186 bytes).

12 unused section(s) (total 9990 bytes) removed from the image.

==============================================================================

Image Symbol Table

    Local Symbols

    Symbol Name                              Value     Ov Type        Size  Object(Section)

    ../clib/microlib/division.c              0x00000000   Number         0  uidiv.o ABSOLUTE
    ../clib/microlib/division.c              0x00000000   Number         0  uldiv.o ABSOLUTE
    ../clib/microlib/init/entry.s            0x00000000   Number         0  entry12b.o ABSOLUTE
    ../clib/microlib/init/entry.s            0x00000000   Number         0  entry8a.o ABSOLUTE
    ../clib/microlib/init/entry.s            0x00000000   Number         0  entry2.o ABSOLUTE
    ../clib/microlib/init/entry.s            0x00000000   Number         0  entry7a.o ABSOLUTE
    ../clib/microlib/init/entry.s            0x00000000   Number         0  entry5.o ABSOLUTE
    ../clib/microlib/init/entry.s            0x00000000   Number         0  entry7b.o ABSOLUTE
    ../clib/microlib/init/entry.s            0x00000000   Number         0  entry9b.o ABSOLUTE
    ../clib/microlib/init/entry.s            0x00000000   Number         0  entry12a.o ABSOLUTE
    ../clib/microlib/init/entry.s            0x00000000   Number         0  entry11b.o ABSOLUTE
    ../clib/microlib/init/entry.s            0x00000000   Number         0  entry8b.o ABSOLUTE
    ../clib/microlib/init/entry.s            0x00000000   Number         0  entry11a.o ABSOLUTE
    ../clib/microlib/init/entry.s            0x00000000   Number         0  entry10b.o ABSOLUTE
    ../clib/microlib/init/entry.s            0x00000000   Number         0  entry9a.o ABSOLUTE
    ../clib/microlib/init/entry.s            0x00000000   Number         0  entry10a.o ABSOLUTE
    ../clib/microlib/init/entry.s            0x00000000   Number         0  entry.o ABSOLUTE
    ../clib/microlib/longlong.c              0x00000000   Number         0  llsshr.o ABSOLUTE
    ../clib/microlib/longlong.c              0x00000000   Number         0  llshl.o ABSOLUTE
    ../clib/microlib/longlong.c              0x00000000   Number         0  llushr.o ABSOLUTE
    ../clib/microlib/printf/printf.c         0x00000000   Number         0  printf0.o ABSOLUTE
    ../clib/microlib/printf/printf.c         0x00000000   Number         0  printf1.o ABSOLUTE
    ../clib/microlib/printf/printf.c         0x00000000   Number         0  printf2.o ABSOLUTE
    ../clib/microlib/printf/printf.c         0x00000000   Number         0  printfb.o ABSOLUTE
    ../clib/microlib/printf/printf.c         0x00000000   Number         0  printf7.o ABSOLUTE
    ../clib/microlib/printf/printf.c         0x00000000   Number         0  printfa.o ABSOLUTE
    ../clib/microlib/printf/printf.c         0x00000000   Number         0  printf4.o ABSOLUTE
    ../clib/microlib/printf/printf.c         0x00000000   Number         0  printf5.o ABSOLUTE
    ../clib/microlib/printf/printf.c         0x00000000   Number         0  printf3.o ABSOLUTE
    ../clib/microlib/printf/printf.c         0x00000000   Number         0  printf8.o ABSOLUTE
    ../clib/microlib/printf/printf.c         0x00000000   Number         0  printf6.o ABSOLUTE
    ../clib/microlib/printf/stubs.s          0x00000000   Number         0  stubs.o ABSOLUTE
    ../clib/microlib/stdio/streams.c         0x00000000   Number         0  stdout.o ABSOLUTE
    ../clib/microlib/string/memcpy.c         0x00000000   Number         0  memcpya.o ABSOLUTE
    ../clib/microlib/string/memcpy.c         0x00000000   Number         0  memcpyb.o ABSOLUTE
    ../clib/microlib/stubs.s                 0x00000000   Number         0  iusefp.o ABSOLUTE
    ../fplib/microlib/fpadd.c                0x00000000   Number         0  dadd.o ABSOLUTE
    ../fplib/microlib/fpdiv.c                0x00000000   Number         0  ddiv.o ABSOLUTE
    ../fplib/microlib/fpepilogue.c           0x00000000   Number         0  depilogue.o ABSOLUTE
    ../fplib/microlib/fpfix.c                0x00000000   Number         0  dfixul.o ABSOLUTE
    ../fplib/microlib/fpmul.c                0x00000000   Number         0  dmul.o ABSOLUTE
    ..\FreeRTOS\Source\croutine.c            0x00000000   Number         0  croutine.o ABSOLUTE
    ..\FreeRTOS\Source\event_groups.c        0x00000000   Number         0  event_groups.o ABSOLUTE
    ..\FreeRTOS\Source\list.c                0x00000000   Number         0  list.o ABSOLUTE
    ..\FreeRTOS\Source\queue.c               0x00000000   Number         0  queue.o ABSOLUTE
    ..\FreeRTOS\Source\tasks.c               0x00000000   Number         0  tasks.o ABSOLUTE
    ..\FreeRTOS\Source\timers.c              0x00000000   Number         0  timers.o ABSOLUTE
    ..\FreeRTOS\portable\MemMang\heap_2.c    0x00000000   Number         0  heap_2.o ABSOLUTE
    ..\FreeRTOS\portable\RVDS\ARM_CM3\port.c 0x00000000   Number         0  port.o ABSOLUTE
    ..\Libraries\CMSIS\core_cm3.c            0x00000000   Number         0  core_cm3.o ABSOLUTE
    ..\Libraries\CMSIS\startup\startup_stm32f10x_hd.s 0x00000000   Number         0  startup_stm32f10x_hd.o ABSOLUTE
    ..\Libraries\CMSIS\system_stm32f10x.c    0x00000000   Number         0  system_stm32f10x.o ABSOLUTE
    ..\Libraries\FWlib\src\misc.c            0x00000000   Number         0  misc.o ABSOLUTE
    ..\Libraries\FWlib\src\stm32f10x_gpio.c  0x00000000   Number         0  stm32f10x_gpio.o ABSOLUTE
    ..\Libraries\FWlib\src\stm32f10x_it.c    0x00000000   Number         0  stm32f10x_it.o ABSOLUTE
    ..\Libraries\FWlib\src\stm32f10x_rcc.c   0x00000000   Number         0  stm32f10x_rcc.o ABSOLUTE
    ..\Libraries\FWlib\src\stm32f10x_tim.c   0x00000000   Number         0  stm32f10x_tim.o ABSOLUTE
    ..\Libraries\FWlib\src\stm32f10x_usart.c 0x00000000   Number         0  stm32f10x_usart.o ABSOLUTE
    ..\User\main.c                           0x00000000   Number         0  main.o ABSOLUTE
    ..\User\uart\bsp_usart.c                 0x00000000   Number         0  bsp_usart.o ABSOLUTE
    ..\\FreeRTOS\\portable\\RVDS\\ARM_CM3\\port.c 0x00000000   Number         0  port.o ABSOLUTE
    ..\\Libraries\\CMSIS\\core_cm3.c         0x00000000   Number         0  core_cm3.o ABSOLUTE
    cdrcmple.s                               0x00000000   Number         0  cdrcmple.o ABSOLUTE
    dc.s                                     0x00000000   Number         0  dc.o ABSOLUTE
    handlers.s                               0x00000000   Number         0  handlers.o ABSOLUTE
    init.s                                   0x00000000   Number         0  init.o ABSOLUTE
    RESET                                    0x08000000   Section      304  startup_stm32f10x_hd.o(RESET)
    .ARM.Collect$$$$00000000                 0x08000130   Section        0  entry.o(.ARM.Collect$$$$00000000)
    .ARM.Collect$$$$00000001                 0x08000130   Section        4  entry2.o(.ARM.Collect$$$$00000001)
    .ARM.Collect$$$$00000004                 0x08000134   Section        4  entry5.o(.ARM.Collect$$$$00000004)
    .ARM.Collect$$$$00000008                 0x08000138   Section        0  entry7b.o(.ARM.Collect$$$$00000008)
    .ARM.Collect$$$$0000000A                 0x08000138   Section        0  entry8b.o(.ARM.Collect$$$$0000000A)
    .ARM.Collect$$$$0000000B                 0x08000138   Section        8  entry9a.o(.ARM.Collect$$$$0000000B)
    .ARM.Collect$$$$0000000E                 0x08000140   Section        4  entry12b.o(.ARM.Collect$$$$0000000E)
    .ARM.Collect$$$$0000000F                 0x08000144   Section        0  entry10a.o(.ARM.Collect$$$$0000000F)
    .ARM.Collect$$$$00000011                 0x08000144   Section        0  entry11a.o(.ARM.Collect$$$$00000011)
    .ARM.Collect$$$$00002712                 0x08000144   Section        4  entry2.o(.ARM.Collect$$$$00002712)
    __lit__00000000                          0x08000144   Data           4  entry2.o(.ARM.Collect$$$$00002712)
    .emb_text                                0x08000148   Section      150  port.o(.emb_text)
    .text                                    0x080001e0   Section        0  bsp_usart.o(.text)
    NVIC_Configuration                       0x080001e1   Thumb Code    38  bsp_usart.o(.text)
    .text                                    0x08000380   Section        0  main.o(.text)
    printf2                                  0x08000381   Thumb Code    10  main.o(.text)
    TaskWithParam                            0x0800038b   Thumb Code    16  main.o(.text)
    .text                                    0x08000434   Section        0  stm32f10x_it.o(.text)
    .text                                    0x08000450   Section        0  list.o(.text)
    .text                                    0x080004e4   Section        0  tasks.o(.text)
    prvInitialiseTaskLists                   0x080004e5   Thumb Code    70  tasks.o(.text)
    prvAddNewTaskToReadyList                 0x0800052b   Thumb Code   200  tasks.o(.text)
    prvInitialiseNewTask                     0x080005f3   Thumb Code   188  tasks.o(.text)
    prvResetNextTaskUnblockTime              0x080007ad   Thumb Code    40  tasks.o(.text)
    prvDeleteTCB                             0x080007d5   Thumb Code    70  tasks.o(.text)
    prvAddCurrentTaskToDelayedList           0x08000c21   Thumb Code   164  tasks.o(.text)
    prvTaskIsTaskSuspended                   0x08001169   Thumb Code   126  tasks.o(.text)
    prvCheckTasksWaitingTermination          0x08001369   Thumb Code    60  tasks.o(.text)
    prvIdleTask                              0x080013a5   Thumb Code    32  tasks.o(.text)
    .text                                    0x08001ff8   Section        0  port.o(.text)
    prvTaskExitError                         0x08001ff9   Thumb Code    48  port.o(.text)
    .text                                    0x080022d4   Section        0  heap_2.o(.text)
    prvHeapInit                              0x080022d5   Thumb Code    42  heap_2.o(.text)
    .text                                    0x08002460   Section       36  startup_stm32f10x_hd.o(.text)
    .text                                    0x08002484   Section        0  system_stm32f10x.o(.text)
    SetSysClockTo72                          0x08002485   Thumb Code   214  system_stm32f10x.o(.text)
    SetSysClock                              0x0800255b   Thumb Code     8  system_stm32f10x.o(.text)
    .text                                    0x08002664   Section        0  misc.o(.text)
    .text                                    0x08002740   Section        0  stm32f10x_usart.o(.text)
    .text                                    0x08002b48   Section        0  stm32f10x_gpio.o(.text)
    .text                                    0x08002ea4   Section        0  stm32f10x_rcc.o(.text)
    .text                                    0x08003248   Section        0  uidiv.o(.text)
    .text                                    0x08003274   Section       36  init.o(.text)
    i.__0printf$3                            0x08003298   Section        0  printf3.o(i.__0printf$3)
    i.__scatterload_copy                     0x080032b8   Section       14  handlers.o(i.__scatterload_copy)
    i.__scatterload_null                     0x080032c6   Section        2  handlers.o(i.__scatterload_null)
    i.__scatterload_zeroinit                 0x080032c8   Section       14  handlers.o(i.__scatterload_zeroinit)
    i._printf_core                           0x080032d8   Section        0  printf3.o(i._printf_core)
    _printf_core                             0x080032d9   Thumb Code   436  printf3.o(i._printf_core)
    .data                                    0x20000000   Section        4  main.o(.data)
    Task_Handle                              0x20000000   Data           4  main.o(.data)
    .data                                    0x20000004   Section       64  tasks.o(.data)
    pxDelayedTaskList                        0x20000008   Data           4  tasks.o(.data)
    pxOverflowDelayedTaskList                0x2000000c   Data           4  tasks.o(.data)
    uxDeletedTasksWaitingCleanUp             0x20000010   Data           4  tasks.o(.data)
    uxCurrentNumberOfTasks                   0x20000014   Data           4  tasks.o(.data)
    xTickCount                               0x20000018   Data           4  tasks.o(.data)
    uxTopReadyPriority                       0x2000001c   Data           4  tasks.o(.data)
    xSchedulerRunning                        0x20000020   Data           4  tasks.o(.data)
    xPendedTicks                             0x20000024   Data           4  tasks.o(.data)
    xYieldPending                            0x20000028   Data           4  tasks.o(.data)
    xNumOfOverflows                          0x2000002c   Data           4  tasks.o(.data)
    uxTaskNumber                             0x20000030   Data           4  tasks.o(.data)
    xNextTaskUnblockTime                     0x20000034   Data           4  tasks.o(.data)
    xIdleTaskHandle                          0x20000038   Data           4  tasks.o(.data)
    uxSchedulerSuspended                     0x20000040   Data           4  tasks.o(.data)
    .data                                    0x20000044   Section       12  port.o(.data)
    uxCriticalNesting                        0x20000044   Data           4  port.o(.data)
    ucMaxSysCallPriority                     0x20000048   Data           1  port.o(.data)
    ulMaxPRIGROUPValue                       0x2000004c   Data           4  port.o(.data)
    .data                                    0x20000050   Section       24  heap_2.o(.data)
    xStart                                   0x20000050   Data           8  heap_2.o(.data)
    xEnd                                     0x20000058   Data           8  heap_2.o(.data)
    xFreeBytesRemaining                      0x20000060   Data           4  heap_2.o(.data)
    xHeapHasBeenInitialised                  0x20000064   Data           4  heap_2.o(.data)
    .data                                    0x20000068   Section       20  system_stm32f10x.o(.data)
    .data                                    0x2000007c   Section       20  stm32f10x_rcc.o(.data)
    APBAHBPrescTable                         0x2000007c   Data          16  stm32f10x_rcc.o(.data)
    ADCPrescTable                            0x2000008c   Data           4  stm32f10x_rcc.o(.data)
    .data                                    0x20000090   Section        4  stdout.o(.data)
    .bss                                     0x20000094   Section      952  main.o(.bss)
    .bss                                     0x2000044c   Section      740  tasks.o(.bss)
    pxReadyTasksLists                        0x2000044c   Data         640  tasks.o(.bss)
    xDelayedTaskList1                        0x200006cc   Data          20  tasks.o(.bss)
    xDelayedTaskList2                        0x200006e0   Data          20  tasks.o(.bss)
    xPendingReadyList                        0x200006f4   Data          20  tasks.o(.bss)
    xTasksWaitingTermination                 0x20000708   Data          20  tasks.o(.bss)
    xSuspendedTaskList                       0x2000071c   Data          20  tasks.o(.bss)
    .bss                                     0x20000730   Section    36864  heap_2.o(.bss)
    ucHeap                                   0x20000730   Data       36864  heap_2.o(.bss)
    STACK                                    0x20009730   Section     1024  startup_stm32f10x_hd.o(STACK)

    Global Symbols

    Symbol Name                              Value     Ov Type        Size  Object(Section)

    BuildAttributes$$THM_ISAv4$P$D$K$B$S$PE$A:L22UL41UL21$X:L11$S22US41US21$IEEE1$IW$USESV6$~STKCKD$USESV7$~SHL$OSPACE$ROPI$EBA8$MICROLIB$REQ8$PRES8$EABIv2 0x00000000   Number         0  anon$$obj.o ABSOLUTE
    __ARM_use_no_argv                        0x00000000   Number         0  main.o ABSOLUTE
    _printf_a                                0x00000000   Number         0  stubs.o ABSOLUTE
    _printf_c                                0x00000000   Number         0  stubs.o ABSOLUTE
    _printf_charcount                        0x00000000   Number         0  stubs.o ABSOLUTE
    _printf_d                                0x00000000   Number         0  stubs.o ABSOLUTE
    _printf_e                                0x00000000   Number         0  stubs.o ABSOLUTE
    _printf_f                                0x00000000   Number         0  stubs.o ABSOLUTE
    _printf_flags                            0x00000000   Number         0  stubs.o ABSOLUTE
    _printf_fp_dec                           0x00000000   Number         0  stubs.o ABSOLUTE
    _printf_fp_hex                           0x00000000   Number         0  stubs.o ABSOLUTE
    _printf_g                                0x00000000   Number         0  stubs.o ABSOLUTE
    _printf_i                                0x00000000   Number         0  stubs.o ABSOLUTE
    _printf_int_dec                          0x00000000   Number         0  stubs.o ABSOLUTE
    _printf_l                                0x00000000   Number         0  stubs.o ABSOLUTE
    _printf_lc                               0x00000000   Number         0  stubs.o ABSOLUTE
    _printf_ll                               0x00000000   Number         0  stubs.o ABSOLUTE
    _printf_lld                              0x00000000   Number         0  stubs.o ABSOLUTE
    _printf_lli                              0x00000000   Number         0  stubs.o ABSOLUTE
    _printf_llo                              0x00000000   Number         0  stubs.o ABSOLUTE
    _printf_llu                              0x00000000   Number         0  stubs.o ABSOLUTE
    _printf_llx                              0x00000000   Number         0  stubs.o ABSOLUTE
    _printf_longlong_dec                     0x00000000   Number         0  stubs.o ABSOLUTE
    _printf_longlong_hex                     0x00000000   Number         0  stubs.o ABSOLUTE
    _printf_longlong_oct                     0x00000000   Number         0  stubs.o ABSOLUTE
    _printf_ls                               0x00000000   Number         0  stubs.o ABSOLUTE
    _printf_mbtowc                           0x00000000   Number         0  stubs.o ABSOLUTE
    _printf_n                                0x00000000   Number         0  stubs.o ABSOLUTE
    _printf_o                                0x00000000   Number         0  stubs.o ABSOLUTE
    _printf_p                                0x00000000   Number         0  stubs.o ABSOLUTE
    _printf_percent                          0x00000000   Number         0  stubs.o ABSOLUTE
    _printf_pre_padding                      0x00000000   Number         0  stubs.o ABSOLUTE
    _printf_return_value                     0x00000000   Number         0  stubs.o ABSOLUTE
    _printf_s                                0x00000000   Number         0  stubs.o ABSOLUTE
    _printf_sizespec                         0x00000000   Number         0  stubs.o ABSOLUTE
    _printf_str                              0x00000000   Number         0  stubs.o ABSOLUTE
    _printf_truncate_signed                  0x00000000   Number         0  stubs.o ABSOLUTE
    _printf_truncate_unsigned                0x00000000   Number         0  stubs.o ABSOLUTE
    _printf_u                                0x00000000   Number         0  stubs.o ABSOLUTE
    _printf_wc                               0x00000000   Number         0  stubs.o ABSOLUTE
    _printf_wctomb                           0x00000000   Number         0  stubs.o ABSOLUTE
    _printf_widthprec                        0x00000000   Number         0  stubs.o ABSOLUTE
    _printf_x                                0x00000000   Number         0  stubs.o ABSOLUTE
    __arm_fini_                               - Undefined Weak Reference
    __cpp_initialize__aeabi_                  - Undefined Weak Reference
    __cxa_finalize                            - Undefined Weak Reference
    __decompress                              - Undefined Weak Reference
    _clock_init                               - Undefined Weak Reference
    _microlib_exit                            - Undefined Weak Reference
    __Vectors_Size                           0x00000130   Number         0  startup_stm32f10x_hd.o ABSOLUTE
    __Vectors                                0x08000000   Data           4  startup_stm32f10x_hd.o(RESET)
    __Vectors_End                            0x08000130   Data           0  startup_stm32f10x_hd.o(RESET)
    __main                                   0x08000131   Thumb Code     0  entry.o(.ARM.Collect$$$$00000000)
    _main_stk                                0x08000131   Thumb Code     0  entry2.o(.ARM.Collect$$$$00000001)
    _main_scatterload                        0x08000135   Thumb Code     0  entry5.o(.ARM.Collect$$$$00000004)
    __main_after_scatterload                 0x08000139   Thumb Code     0  entry5.o(.ARM.Collect$$$$00000004)
    _main_clock                              0x08000139   Thumb Code     0  entry7b.o(.ARM.Collect$$$$00000008)
    _main_cpp_init                           0x08000139   Thumb Code     0  entry8b.o(.ARM.Collect$$$$0000000A)
    _main_init                               0x08000139   Thumb Code     0  entry9a.o(.ARM.Collect$$$$0000000B)
    __rt_lib_shutdown_fini                   0x08000141   Thumb Code     0  entry12b.o(.ARM.Collect$$$$0000000E)
    __rt_final_cpp                           0x08000145   Thumb Code     0  entry10a.o(.ARM.Collect$$$$0000000F)
    __rt_final_exit                          0x08000145   Thumb Code     0  entry11a.o(.ARM.Collect$$$$00000011)
    SVC_Handler                              0x08000149   Thumb Code    32  port.o(.emb_text)
    __asm___6_port_c_39a90d8d__prvStartFirstTask 0x0800016d   Thumb Code    28  port.o(.emb_text)
    PendSV_Handler                           0x0800018d   Thumb Code    72  port.o(.emb_text)
    vPortGetIPSR                             0x080001d9   Thumb Code     6  port.o(.emb_text)
    USART_Config                             0x08000207   Thumb Code   132  bsp_usart.o(.text)
    Usart_SendByte                           0x0800028b   Thumb Code    30  bsp_usart.o(.text)
    Usart_SendArray                          0x080002a9   Thumb Code    48  bsp_usart.o(.text)
    Usart_SendString                         0x080002d9   Thumb Code    42  bsp_usart.o(.text)
    Usart_SendHalfWord                       0x08000303   Thumb Code    60  bsp_usart.o(.text)
    fputc                                    0x0800033f   Thumb Code    32  bsp_usart.o(.text)
    fgetc                                    0x0800035f   Thumb Code    26  bsp_usart.o(.text)
    main                                     0x0800039b   Thumb Code    78  main.o(.text)
    vApplicationGetIdleTaskMemory            0x080003e9   Thumb Code    14  main.o(.text)
    NMI_Handler                              0x08000435   Thumb Code     2  stm32f10x_it.o(.text)
    HardFault_Handler                        0x08000437   Thumb Code     4  stm32f10x_it.o(.text)
    MemManage_Handler                        0x0800043b   Thumb Code     4  stm32f10x_it.o(.text)
    BusFault_Handler                         0x0800043f   Thumb Code     4  stm32f10x_it.o(.text)
    UsageFault_Handler                       0x08000443   Thumb Code     4  stm32f10x_it.o(.text)
    DebugMon_Handler                         0x08000447   Thumb Code     2  stm32f10x_it.o(.text)
    SysTick_Handler                          0x08000449   Thumb Code     8  stm32f10x_it.o(.text)
    vListInitialise                          0x08000451   Thumb Code    26  list.o(.text)
    vListInitialiseItem                      0x0800046b   Thumb Code     6  list.o(.text)
    vListInsertEnd                           0x08000471   Thumb Code    24  list.o(.text)
    vListInsert                              0x08000489   Thumb Code    52  list.o(.text)
    uxListRemove                             0x080004bd   Thumb Code    40  list.o(.text)
    xTaskCreateStatic                        0x080006af   Thumb Code   154  tasks.o(.text)
    xTaskCreate                              0x08000749   Thumb Code   100  tasks.o(.text)
    vTaskDelete                              0x0800081b   Thumb Code   306  tasks.o(.text)
    xTaskIncrementTick                       0x0800094d   Thumb Code   392  tasks.o(.text)
    xTaskResumeAll                           0x08000ad5   Thumb Code   332  tasks.o(.text)
    vTaskSuspendAll                          0x08000cc5   Thumb Code    12  tasks.o(.text)
    xTaskDelayUntil                          0x08000cd1   Thumb Code   244  tasks.o(.text)
    vTaskDelay                               0x08000dc5   Thumb Code    76  tasks.o(.text)
    eTaskGetState                            0x08000e11   Thumb Code   136  tasks.o(.text)
    uxTaskPriorityGet                        0x08000e99   Thumb Code    30  tasks.o(.text)
    uxTaskPriorityGetFromISR                 0x08000eb7   Thumb Code    62  tasks.o(.text)
    vTaskPrioritySet                         0x08000ef5   Thumb Code   296  tasks.o(.text)
    vTaskSwitchContext                       0x0800101d   Thumb Code   114  tasks.o(.text)
    vTaskSuspend                             0x0800108f   Thumb Code   218  tasks.o(.text)
    vTaskResume                              0x080011e7   Thumb Code   174  tasks.o(.text)
    xTaskResumeFromISR                       0x08001295   Thumb Code   212  tasks.o(.text)
    vTaskStartScheduler                      0x080013c5   Thumb Code   144  tasks.o(.text)
    vTaskEndScheduler                        0x08001455   Thumb Code    32  tasks.o(.text)
    xTaskGetTickCount                        0x08001475   Thumb Code     6  tasks.o(.text)
    xTaskGetTickCountFromISR                 0x0800147b   Thumb Code    16  tasks.o(.text)
    uxTaskGetNumberOfTasks                   0x0800148b   Thumb Code     6  tasks.o(.text)
    pcTaskGetName                            0x08001491   Thumb Code    40  tasks.o(.text)
    xTaskCatchUpTicks                        0x080014b9   Thumb Code    58  tasks.o(.text)
    vTaskPlaceOnEventList                    0x080014f3   Thumb Code    46  tasks.o(.text)
    vTaskPlaceOnUnorderedEventList           0x08001521   Thumb Code   122  tasks.o(.text)
    xTaskRemoveFromEventList                 0x0800159b   Thumb Code   338  tasks.o(.text)
    vTaskRemoveFromUnorderedEventList        0x080016ed   Thumb Code   238  tasks.o(.text)
    vTaskSetTimeOutState                     0x080017db   Thumb Code    44  tasks.o(.text)
    vTaskInternalSetTimeOutState             0x08001807   Thumb Code    14  tasks.o(.text)
    xTaskCheckForTimeOut                     0x08001815   Thumb Code   124  tasks.o(.text)
    vTaskMissedYield                         0x08001891   Thumb Code     8  tasks.o(.text)
    xTaskGetSchedulerState                   0x08001899   Thumb Code    24  tasks.o(.text)
    uxTaskResetEventItemValue                0x080018b1   Thumb Code    24  tasks.o(.text)
    ulTaskGenericNotifyTake                  0x080018c9   Thumb Code   154  tasks.o(.text)
    xTaskGenericNotifyWait                   0x08001963   Thumb Code   234  tasks.o(.text)
    xTaskGenericNotify                       0x08001a4d   Thumb Code   410  tasks.o(.text)
    xTaskGenericNotifyFromISR                0x08001be7   Thumb Code   486  tasks.o(.text)
    vTaskGenericNotifyGiveFromISR            0x08001dcd   Thumb Code   390  tasks.o(.text)
    xTaskGenericNotifyStateClear             0x08001f53   Thumb Code    82  tasks.o(.text)
    ulTaskGenericNotifyValueClear            0x08001fa5   Thumb Code    58  tasks.o(.text)
    pxPortInitialiseStack                    0x08002029   Thumb Code    30  port.o(.text)
    vPortSetupTimerInterrupt                 0x08002047   Thumb Code    36  port.o(.text)
    xPortStartScheduler                      0x0800206b   Thumb Code   240  port.o(.text)
    vPortEndScheduler                        0x0800215b   Thumb Code    34  port.o(.text)
    vPortEnterCritical                       0x0800217d   Thumb Code    70  port.o(.text)
    vPortExitCritical                        0x080021c3   Thumb Code    48  port.o(.text)
    xPortSysTickHandler                      0x080021f3   Thumb Code    48  port.o(.text)
    vPortValidateInterruptPriority           0x08002223   Thumb Code    88  port.o(.text)
    pvPortMalloc                             0x080022ff   Thumb Code   214  heap_2.o(.text)
    vPortFree                                0x080023d5   Thumb Code    56  heap_2.o(.text)
    xPortGetFreeHeapSize                     0x0800240d   Thumb Code     6  heap_2.o(.text)
    vPortInitialiseBlocks                    0x08002413   Thumb Code     2  heap_2.o(.text)
    Reset_Handler                            0x08002461   Thumb Code     8  startup_stm32f10x_hd.o(.text)
    ADC1_2_IRQHandler                        0x0800247b   Thumb Code     0  startup_stm32f10x_hd.o(.text)
    ADC3_IRQHandler                          0x0800247b   Thumb Code     0  startup_stm32f10x_hd.o(.text)
    CAN1_RX1_IRQHandler                      0x0800247b   Thumb Code     0  startup_stm32f10x_hd.o(.text)
    CAN1_SCE_IRQHandler                      0x0800247b   Thumb Code     0  startup_stm32f10x_hd.o(.text)
    DMA1_Channel1_IRQHandler                 0x0800247b   Thumb Code     0  startup_stm32f10x_hd.o(.text)
    DMA1_Channel2_IRQHandler                 0x0800247b   Thumb Code     0  startup_stm32f10x_hd.o(.text)
    DMA1_Channel3_IRQHandler                 0x0800247b   Thumb Code     0  startup_stm32f10x_hd.o(.text)
    DMA1_Channel4_IRQHandler                 0x0800247b   Thumb Code     0  startup_stm32f10x_hd.o(.text)
    DMA1_Channel5_IRQHandler                 0x0800247b   Thumb Code     0  startup_stm32f10x_hd.o(.text)
    DMA1_Channel6_IRQHandler                 0x0800247b   Thumb Code     0  startup_stm32f10x_hd.o(.text)
    DMA1_Channel7_IRQHandler                 0x0800247b   Thumb Code     0  startup_stm32f10x_hd.o(.text)
    DMA2_Channel1_IRQHandler                 0x0800247b   Thumb Code     0  startup_stm32f10x_hd.o(.text)
    DMA2_Channel2_IRQHandler                 0x0800247b   Thumb Code     0  startup_stm32f10x_hd.o(.text)
    DMA2_Channel3_IRQHandler                 0x0800247b   Thumb Code     0  startup_stm32f10x_hd.o(.text)
    DMA2_Channel4_5_IRQHandler               0x0800247b   Thumb Code     0  startup_stm32f10x_hd.o(.text)
    EXTI0_IRQHandler                         0x0800247b   Thumb Code     0  startup_stm32f10x_hd.o(.text)
    EXTI15_10_IRQHandler                     0x0800247b   Thumb Code     0  startup_stm32f10x_hd.o(.text)
    EXTI1_IRQHandler                         0x0800247b   Thumb Code     0  startup_stm32f10x_hd.o(.text)
    EXTI2_IRQHandler                         0x0800247b   Thumb Code     0  startup_stm32f10x_hd.o(.text)
    EXTI3_IRQHandler                         0x0800247b   Thumb Code     0  startup_stm32f10x_hd.o(.text)
    EXTI4_IRQHandler                         0x0800247b   Thumb Code     0  startup_stm32f10x_hd.o(.text)
    EXTI9_5_IRQHandler                       0x0800247b   Thumb Code     0  startup_stm32f10x_hd.o(.text)
    FLASH_IRQHandler                         0x0800247b   Thumb Code     0  startup_stm32f10x_hd.o(.text)
    FSMC_IRQHandler                          0x0800247b   Thumb Code     0  startup_stm32f10x_hd.o(.text)
    I2C1_ER_IRQHandler                       0x0800247b   Thumb Code     0  startup_stm32f10x_hd.o(.text)
    I2C1_EV_IRQHandler                       0x0800247b   Thumb Code     0  startup_stm32f10x_hd.o(.text)
    I2C2_ER_IRQHandler                       0x0800247b   Thumb Code     0  startup_stm32f10x_hd.o(.text)
    I2C2_EV_IRQHandler                       0x0800247b   Thumb Code     0  startup_stm32f10x_hd.o(.text)
    PVD_IRQHandler                           0x0800247b   Thumb Code     0  startup_stm32f10x_hd.o(.text)
    RCC_IRQHandler                           0x0800247b   Thumb Code     0  startup_stm32f10x_hd.o(.text)
    RTCAlarm_IRQHandler                      0x0800247b   Thumb Code     0  startup_stm32f10x_hd.o(.text)
    RTC_IRQHandler                           0x0800247b   Thumb Code     0  startup_stm32f10x_hd.o(.text)
    SDIO_IRQHandler                          0x0800247b   Thumb Code     0  startup_stm32f10x_hd.o(.text)
    SPI1_IRQHandler                          0x0800247b   Thumb Code     0  startup_stm32f10x_hd.o(.text)
    SPI2_IRQHandler                          0x0800247b   Thumb Code     0  startup_stm32f10x_hd.o(.text)
    SPI3_IRQHandler                          0x0800247b   Thumb Code     0  startup_stm32f10x_hd.o(.text)
    TAMPER_IRQHandler                        0x0800247b   Thumb Code     0  startup_stm32f10x_hd.o(.text)
    TIM1_BRK_IRQHandler                      0x0800247b   Thumb Code     0  startup_stm32f10x_hd.o(.text)
    TIM1_CC_IRQHandler                       0x0800247b   Thumb Code     0  startup_stm32f10x_hd.o(.text)
    TIM1_TRG_COM_IRQHandler                  0x0800247b   Thumb Code     0  startup_stm32f10x_hd.o(.text)
    TIM1_UP_IRQHandler                       0x0800247b   Thumb Code     0  startup_stm32f10x_hd.o(.text)
    TIM2_IRQHandler                          0x0800247b   Thumb Code     0  startup_stm32f10x_hd.o(.text)
    TIM3_IRQHandler                          0x0800247b   Thumb Code     0  startup_stm32f10x_hd.o(.text)
    TIM4_IRQHandler                          0x0800247b   Thumb Code     0  startup_stm32f10x_hd.o(.text)
    TIM5_IRQHandler                          0x0800247b   Thumb Code     0  startup_stm32f10x_hd.o(.text)
    TIM6_IRQHandler                          0x0800247b   Thumb Code     0  startup_stm32f10x_hd.o(.text)
    TIM7_IRQHandler                          0x0800247b   Thumb Code     0  startup_stm32f10x_hd.o(.text)
    TIM8_BRK_IRQHandler                      0x0800247b   Thumb Code     0  startup_stm32f10x_hd.o(.text)
    TIM8_CC_IRQHandler                       0x0800247b   Thumb Code     0  startup_stm32f10x_hd.o(.text)
    TIM8_TRG_COM_IRQHandler                  0x0800247b   Thumb Code     0  startup_stm32f10x_hd.o(.text)
    TIM8_UP_IRQHandler                       0x0800247b   Thumb Code     0  startup_stm32f10x_hd.o(.text)
    UART4_IRQHandler                         0x0800247b   Thumb Code     0  startup_stm32f10x_hd.o(.text)
    UART5_IRQHandler                         0x0800247b   Thumb Code     0  startup_stm32f10x_hd.o(.text)
    USART1_IRQHandler                        0x0800247b   Thumb Code     0  startup_stm32f10x_hd.o(.text)
    USART2_IRQHandler                        0x0800247b   Thumb Code     0  startup_stm32f10x_hd.o(.text)
    USART3_IRQHandler                        0x0800247b   Thumb Code     0  startup_stm32f10x_hd.o(.text)
    USBWakeUp_IRQHandler                     0x0800247b   Thumb Code     0  startup_stm32f10x_hd.o(.text)
    USB_HP_CAN1_TX_IRQHandler                0x0800247b   Thumb Code     0  startup_stm32f10x_hd.o(.text)
    USB_LP_CAN1_RX0_IRQHandler               0x0800247b   Thumb Code     0  startup_stm32f10x_hd.o(.text)
    WWDG_IRQHandler                          0x0800247b   Thumb Code     0  startup_stm32f10x_hd.o(.text)
    SystemInit                               0x08002563   Thumb Code    78  system_stm32f10x.o(.text)
    SystemCoreClockUpdate                    0x080025b1   Thumb Code   142  system_stm32f10x.o(.text)
    NVIC_PriorityGroupConfig                 0x08002665   Thumb Code    10  misc.o(.text)
    NVIC_Init                                0x0800266f   Thumb Code   100  misc.o(.text)
    NVIC_SetVectorTable                      0x080026d3   Thumb Code    14  misc.o(.text)
    NVIC_SystemLPConfig                      0x080026e1   Thumb Code    34  misc.o(.text)
    SysTick_CLKSourceConfig                  0x08002703   Thumb Code    40  misc.o(.text)
    USART_DeInit                             0x08002741   Thumb Code   134  stm32f10x_usart.o(.text)
    USART_Init                               0x080027c7   Thumb Code   210  stm32f10x_usart.o(.text)
    USART_StructInit                         0x08002899   Thumb Code    24  stm32f10x_usart.o(.text)
    USART_ClockInit                          0x080028b1   Thumb Code    34  stm32f10x_usart.o(.text)
    USART_ClockStructInit                    0x080028d3   Thumb Code    12  stm32f10x_usart.o(.text)
    USART_Cmd                                0x080028df   Thumb Code    24  stm32f10x_usart.o(.text)
    USART_ITConfig                           0x080028f7   Thumb Code    74  stm32f10x_usart.o(.text)
    USART_DMACmd                             0x08002941   Thumb Code    18  stm32f10x_usart.o(.text)
    USART_SetAddress                         0x08002953   Thumb Code    18  stm32f10x_usart.o(.text)
    USART_WakeUpConfig                       0x08002965   Thumb Code    18  stm32f10x_usart.o(.text)
    USART_ReceiverWakeUpCmd                  0x08002977   Thumb Code    24  stm32f10x_usart.o(.text)
    USART_LINBreakDetectLengthConfig         0x0800298f   Thumb Code    18  stm32f10x_usart.o(.text)
    USART_LINCmd                             0x080029a1   Thumb Code    24  stm32f10x_usart.o(.text)
    USART_SendData                           0x080029b9   Thumb Code     8  stm32f10x_usart.o(.text)
    USART_ReceiveData                        0x080029c1   Thumb Code    10  stm32f10x_usart.o(.text)
    USART_SendBreak                          0x080029cb   Thumb Code    10  stm32f10x_usart.o(.text)
    USART_SetGuardTime                       0x080029d5   Thumb Code    16  stm32f10x_usart.o(.text)
    USART_SetPrescaler                       0x080029e5   Thumb Code    16  stm32f10x_usart.o(.text)
    USART_SmartCardCmd                       0x080029f5   Thumb Code    24  stm32f10x_usart.o(.text)
    USART_SmartCardNACKCmd                   0x08002a0d   Thumb Code    24  stm32f10x_usart.o(.text)
    USART_HalfDuplexCmd                      0x08002a25   Thumb Code    24  stm32f10x_usart.o(.text)
    USART_OverSampling8Cmd                   0x08002a3d   Thumb Code    22  stm32f10x_usart.o(.text)
    USART_OneBitMethodCmd                    0x08002a53   Thumb Code    24  stm32f10x_usart.o(.text)
    USART_IrDAConfig                         0x08002a6b   Thumb Code    18  stm32f10x_usart.o(.text)
    USART_IrDACmd                            0x08002a7d   Thumb Code    24  stm32f10x_usart.o(.text)
    USART_GetFlagStatus                      0x08002a95   Thumb Code    26  stm32f10x_usart.o(.text)
    USART_ClearFlag                          0x08002aaf   Thumb Code    18  stm32f10x_usart.o(.text)
    USART_GetITStatus                        0x08002ac1   Thumb Code    84  stm32f10x_usart.o(.text)
    USART_ClearITPendingBit                  0x08002b15   Thumb Code    52  stm32f10x_usart.o(.text)
    GPIO_DeInit                              0x08002b49   Thumb Code   172  stm32f10x_gpio.o(.text)
    GPIO_AFIODeInit                          0x08002bf5   Thumb Code    20  stm32f10x_gpio.o(.text)
    GPIO_Init                                0x08002c09   Thumb Code   278  stm32f10x_gpio.o(.text)
    GPIO_StructInit                          0x08002d1f   Thumb Code    16  stm32f10x_gpio.o(.text)
    GPIO_ReadInputDataBit                    0x08002d2f   Thumb Code    18  stm32f10x_gpio.o(.text)
    GPIO_ReadInputData                       0x08002d41   Thumb Code     8  stm32f10x_gpio.o(.text)
    GPIO_ReadOutputDataBit                   0x08002d49   Thumb Code    18  stm32f10x_gpio.o(.text)
    GPIO_ReadOutputData                      0x08002d5b   Thumb Code     8  stm32f10x_gpio.o(.text)
    GPIO_SetBits                             0x08002d63   Thumb Code     4  stm32f10x_gpio.o(.text)
    GPIO_ResetBits                           0x08002d67   Thumb Code     4  stm32f10x_gpio.o(.text)
    GPIO_WriteBit                            0x08002d6b   Thumb Code    10  stm32f10x_gpio.o(.text)
    GPIO_Write                               0x08002d75   Thumb Code     4  stm32f10x_gpio.o(.text)
    GPIO_PinLockConfig                       0x08002d79   Thumb Code    18  stm32f10x_gpio.o(.text)
    GPIO_EventOutputConfig                   0x08002d8b   Thumb Code    26  stm32f10x_gpio.o(.text)
    GPIO_EventOutputCmd                      0x08002da5   Thumb Code     6  stm32f10x_gpio.o(.text)
    GPIO_PinRemapConfig                      0x08002dab   Thumb Code   138  stm32f10x_gpio.o(.text)
    GPIO_EXTILineConfig                      0x08002e35   Thumb Code    66  stm32f10x_gpio.o(.text)
    GPIO_ETH_MediaInterfaceConfig            0x08002e77   Thumb Code     8  stm32f10x_gpio.o(.text)
    RCC_DeInit                               0x08002ea5   Thumb Code    64  stm32f10x_rcc.o(.text)
    RCC_HSEConfig                            0x08002ee5   Thumb Code    70  stm32f10x_rcc.o(.text)
    RCC_GetFlagStatus                        0x08002f2b   Thumb Code    56  stm32f10x_rcc.o(.text)
    RCC_WaitForHSEStartUp                    0x08002f63   Thumb Code    56  stm32f10x_rcc.o(.text)
    RCC_AdjustHSICalibrationValue            0x08002f9b   Thumb Code    20  stm32f10x_rcc.o(.text)
    RCC_HSICmd                               0x08002faf   Thumb Code     6  stm32f10x_rcc.o(.text)
    RCC_PLLConfig                            0x08002fb5   Thumb Code    24  stm32f10x_rcc.o(.text)
    RCC_PLLCmd                               0x08002fcd   Thumb Code     6  stm32f10x_rcc.o(.text)
    RCC_SYSCLKConfig                         0x08002fd3   Thumb Code    18  stm32f10x_rcc.o(.text)
    RCC_GetSYSCLKSource                      0x08002fe5   Thumb Code    10  stm32f10x_rcc.o(.text)
    RCC_HCLKConfig                           0x08002fef   Thumb Code    18  stm32f10x_rcc.o(.text)
    RCC_PCLK1Config                          0x08003001   Thumb Code    18  stm32f10x_rcc.o(.text)
    RCC_PCLK2Config                          0x08003013   Thumb Code    20  stm32f10x_rcc.o(.text)
    RCC_ITConfig                             0x08003027   Thumb Code    26  stm32f10x_rcc.o(.text)
    RCC_USBCLKConfig                         0x08003041   Thumb Code     8  stm32f10x_rcc.o(.text)
    RCC_ADCCLKConfig                         0x08003049   Thumb Code    18  stm32f10x_rcc.o(.text)
    RCC_LSEConfig                            0x0800305b   Thumb Code    50  stm32f10x_rcc.o(.text)
    RCC_LSICmd                               0x0800308d   Thumb Code     6  stm32f10x_rcc.o(.text)
    RCC_RTCCLKConfig                         0x08003093   Thumb Code    12  stm32f10x_rcc.o(.text)
    RCC_RTCCLKCmd                            0x0800309f   Thumb Code     8  stm32f10x_rcc.o(.text)
    RCC_GetClocksFreq                        0x080030a7   Thumb Code   192  stm32f10x_rcc.o(.text)
    RCC_AHBPeriphClockCmd                    0x08003167   Thumb Code    26  stm32f10x_rcc.o(.text)
    RCC_APB2PeriphClockCmd                   0x08003181   Thumb Code    26  stm32f10x_rcc.o(.text)
    RCC_APB1PeriphClockCmd                   0x0800319b   Thumb Code    26  stm32f10x_rcc.o(.text)
    RCC_APB2PeriphResetCmd                   0x080031b5   Thumb Code    26  stm32f10x_rcc.o(.text)
    RCC_APB1PeriphResetCmd                   0x080031cf   Thumb Code    26  stm32f10x_rcc.o(.text)
    RCC_BackupResetCmd                       0x080031e9   Thumb Code     8  stm32f10x_rcc.o(.text)
    RCC_ClockSecuritySystemCmd               0x080031f1   Thumb Code     6  stm32f10x_rcc.o(.text)
    RCC_MCOConfig                            0x080031f7   Thumb Code     6  stm32f10x_rcc.o(.text)
    RCC_ClearFlag                            0x080031fd   Thumb Code    14  stm32f10x_rcc.o(.text)
    RCC_GetITStatus                          0x0800320b   Thumb Code    20  stm32f10x_rcc.o(.text)
    RCC_ClearITPendingBit                    0x0800321f   Thumb Code     6  stm32f10x_rcc.o(.text)
    __aeabi_uidiv                            0x08003249   Thumb Code     0  uidiv.o(.text)
    __aeabi_uidivmod                         0x08003249   Thumb Code    44  uidiv.o(.text)
    __scatterload                            0x08003275   Thumb Code    28  init.o(.text)
    __scatterload_rt2                        0x08003275   Thumb Code     0  init.o(.text)
    __0printf$3                              0x08003299   Thumb Code    22  printf3.o(i.__0printf$3)
    __1printf$3                              0x08003299   Thumb Code     0  printf3.o(i.__0printf$3)
    __2printf                                0x08003299   Thumb Code     0  printf3.o(i.__0printf$3)
    __scatterload_copy                       0x080032b9   Thumb Code    14  handlers.o(i.__scatterload_copy)
    __scatterload_null                       0x080032c7   Thumb Code     2  handlers.o(i.__scatterload_null)
    __scatterload_zeroinit                   0x080032c9   Thumb Code    14  handlers.o(i.__scatterload_zeroinit)
    Region$$Table$$Base                      0x08003490   Number         0  anon$$obj.o(Region$$Table)
    Region$$Table$$Limit                     0x080034b0   Number         0  anon$$obj.o(Region$$Table)
    pxCurrentTCB                             0x20000004   Data           4  tasks.o(.data)
    uxTopUsedPriority                        0x2000003c   Data           4  tasks.o(.data)
    SystemCoreClock                          0x20000068   Data           4  system_stm32f10x.o(.data)
    AHBPrescTable                            0x2000006c   Data          16  system_stm32f10x.o(.data)
    __stdout                                 0x20000090   Data           4  stdout.o(.data)
    xTask3Stack                              0x20000094   Data         400  main.o(.bss)
    xTask3TCB                                0x20000224   Data          76  main.o(.bss)
    xIdleTaskStack                           0x20000270   Data         400  main.o(.bss)
    xIdleTaskTCB                             0x20000400   Data          76  main.o(.bss)
    __initial_sp                             0x20009b30   Data           0  startup_stm32f10x_hd.o(STACK)



==============================================================================

Memory Map of the image

  Image Entry point : 0x08000131

  Load Region LR_IROM1 (Base: 0x08000000, Size: 0x00003544, Max: 0x00080000, ABSOLUTE)

    Execution Region ER_IROM1 (Exec base: 0x08000000, Load base: 0x08000000, Size: 0x000034b0, Max: 0x00080000, ABSOLUTE)

    Exec Addr    Load Addr    Size         Type   Attr      Idx    E Section Name        Object

    0x08000000   0x08000000   0x00000130   Data   RO          349    RESET               startup_stm32f10x_hd.o
    0x08000130   0x08000130   0x00000000   Code   RO          444  * .ARM.Collect$$$$00000000  mc_w.l(entry.o)
    0x08000130   0x08000130   0x00000004   Code   RO          712    .ARM.Collect$$$$00000001  mc_w.l(entry2.o)
    0x08000134   0x08000134   0x00000004   Code   RO          715    .ARM.Collect$$$$00000004  mc_w.l(entry5.o)
    0x08000138   0x08000138   0x00000000   Code   RO          717    .ARM.Collect$$$$00000008  mc_w.l(entry7b.o)
    0x08000138   0x08000138   0x00000000   Code   RO          719    .ARM.Collect$$$$0000000A  mc_w.l(entry8b.o)
    0x08000138   0x08000138   0x00000008   Code   RO          720    .ARM.Collect$$$$0000000B  mc_w.l(entry9a.o)
    0x08000140   0x08000140   0x00000004   Code   RO          727    .ARM.Collect$$$$0000000E  mc_w.l(entry12b.o)
    0x08000144   0x08000144   0x00000000   Code   RO          722    .ARM.Collect$$$$0000000F  mc_w.l(entry10a.o)
    0x08000144   0x08000144   0x00000000   Code   RO          724    .ARM.Collect$$$$00000011  mc_w.l(entry11a.o)
    0x08000144   0x08000144   0x00000004   Code   RO          713    .ARM.Collect$$$$00002712  mc_w.l(entry2.o)
    0x08000148   0x08000148   0x00000096   Code   RO          301    .emb_text           port.o
    0x080001de   0x080001de   0x00000002   PAD
    0x080001e0   0x080001e0   0x000001a0   Code   RO            1    .text               bsp_usart.o
    0x08000380   0x08000380   0x000000b4   Code   RO          108    .text               main.o
    0x08000434   0x08000434   0x0000001c   Code   RO          158    .text               stm32f10x_it.o
    0x08000450   0x08000450   0x00000094   Code   RO          182    .text               list.o
    0x080004e4   0x080004e4   0x00001b14   Code   RO          210    .text               tasks.o
    0x08001ff8   0x08001ff8   0x000002dc   Code   RO          302    .text               port.o
    0x080022d4   0x080022d4   0x0000018c   Code   RO          332    .text               heap_2.o
    0x08002460   0x08002460   0x00000024   Code   RO          350    .text               startup_stm32f10x_hd.o
    0x08002484   0x08002484   0x000001e0   Code   RO          364    .text               system_stm32f10x.o
    0x08002664   0x08002664   0x000000dc   Code   RO          382    .text               misc.o
    0x08002740   0x08002740   0x00000408   Code   RO          394    .text               stm32f10x_usart.o
    0x08002b48   0x08002b48   0x0000035c   Code   RO          406    .text               stm32f10x_gpio.o
    0x08002ea4   0x08002ea4   0x000003a4   Code   RO          418    .text               stm32f10x_rcc.o
    0x08003248   0x08003248   0x0000002c   Code   RO          729    .text               mc_w.l(uidiv.o)
    0x08003274   0x08003274   0x00000024   Code   RO          744    .text               mc_w.l(init.o)
    0x08003298   0x08003298   0x00000020   Code   RO          540    i.__0printf$3       mc_w.l(printf3.o)
    0x080032b8   0x080032b8   0x0000000e   Code   RO          756    i.__scatterload_copy  mc_w.l(handlers.o)
    0x080032c6   0x080032c6   0x00000002   Code   RO          757    i.__scatterload_null  mc_w.l(handlers.o)
    0x080032c8   0x080032c8   0x0000000e   Code   RO          758    i.__scatterload_zeroinit  mc_w.l(handlers.o)
    0x080032d6   0x080032d6   0x00000002   PAD
    0x080032d8   0x080032d8   0x000001b8   Code   RO          547    i._printf_core      mc_w.l(printf3.o)
    0x08003490   0x08003490   0x00000020   Data   RO          754    Region$$Table       anon$$obj.o


    Execution Region RW_IRAM1 (Exec base: 0x20000000, Load base: 0x080034b0, Size: 0x00009b30, Max: 0x00010000, ABSOLUTE)

    Exec Addr    Load Addr    Size         Type   Attr      Idx    E Section Name        Object

    0x20000000   0x080034b0   0x00000004   Data   RW          110    .data               main.o
    0x20000004   0x080034b4   0x00000040   Data   RW          212    .data               tasks.o
    0x20000044   0x080034f4   0x0000000c   Data   RW          303    .data               port.o
    0x20000050   0x08003500   0x00000018   Data   RW          334    .data               heap_2.o
    0x20000068   0x08003518   0x00000014   Data   RW          365    .data               system_stm32f10x.o
    0x2000007c   0x0800352c   0x00000014   Data   RW          419    .data               stm32f10x_rcc.o
    0x20000090   0x08003540   0x00000004   Data   RW          728    .data               mc_w.l(stdout.o)
    0x20000094        -       0x000003b8   Zero   RW          109    .bss                main.o
    0x2000044c        -       0x000002e4   Zero   RW          211    .bss                tasks.o
    0x20000730        -       0x00009000   Zero   RW          333    .bss                heap_2.o
    0x20009730        -       0x00000400   Zero   RW          347    STACK               startup_stm32f10x_hd.o


==============================================================================

Image component sizes


      Code (inc. data)   RO Data    RW Data    ZI Data      Debug   Object Name

       416          8          0          0          0     236362   bsp_usart.o
       396         76          0         24      36864       3180   heap_2.o
       148          0          0          0          0       3442   list.o
       180         62          0          4        952      25605   main.o
       220         22          0          0          0       1785   misc.o
       882        102          0         12          0       7679   port.o
        36          8        304          0       1024        828   startup_stm32f10x_hd.o
       860         38          0          0          0       5721   stm32f10x_gpio.o
        28          0          0          0          0       1127   stm32f10x_it.o
       932         36          0         20          0       8896   stm32f10x_rcc.o
      1032         22          0          0          0       8444   stm32f10x_usart.o
       480         38          0         20          0       1835   system_stm32f10x.o
      6932        422          0         64        740      45133   tasks.o

    ----------------------------------------------------------------------
     12544        834        336        144      39580     350037   Object Totals
         0          0         32          0          0          0   (incl. Generated)
         2          0          0          0          0          0   (incl. Padding)

    ----------------------------------------------------------------------

      Code (inc. data)   RO Data    RW Data    ZI Data      Debug   Library Member Name

         0          0          0          0          0          0   entry.o
         0          0          0          0          0          0   entry10a.o
         0          0          0          0          0          0   entry11a.o
         4          0          0          0          0          0   entry12b.o
         8          4          0          0          0          0   entry2.o
         4          0          0          0          0          0   entry5.o
         0          0          0          0          0          0   entry7b.o
         0          0          0          0          0          0   entry8b.o
         8          4          0          0          0          0   entry9a.o
        30          0          0          0          0          0   handlers.o
        36          8          0          0          0         68   init.o
       472         14          0          0          0        184   printf3.o
         0          0          0          4          0          0   stdout.o
        44          0          0          0          0         80   uidiv.o

    ----------------------------------------------------------------------
       608         30          0          4          0        332   Library Totals
         2          0          0          0          0          0   (incl. Padding)

    ----------------------------------------------------------------------

      Code (inc. data)   RO Data    RW Data    ZI Data      Debug   Library Name

       606         30          0          4          0        332   mc_w.l

    ----------------------------------------------------------------------
       608         30          0          4          0        332   Library Totals

    ----------------------------------------------------------------------

==============================================================================


      Code (inc. data)   RO Data    RW Data    ZI Data      Debug   

     13152        864        336        148      39580     349169   Grand Totals
     13152        864        336        148      39580     349169   ELF Image Totals
     13152        864        336        148          0          0   ROM Totals

==============================================================================

    Total RO  Size (Code + RO Data)                13488 (  13.17kB)
    Total RW  Size (RW Data + ZI Data)             39728 (  38.80kB)
    Total ROM Size (Code + RO Data + RW Data)      13636 (  13.32kB)

==============================================================================

