<html>
<body>
<pre>
<h1>µVision Build Log</h1>
<h2>Tool Versions:</h2>
IDE-Version: ¦ÌVision V5.38.0.0
Copyright (C) 2022 ARM Ltd and ARM Germany GmbH. All rights reserved.
License Information: chen cc, xiaomi, LIC=HN0AE-54TJC-EVM1R-KJ272-UMX3A-QT9DN
 
Tool Versions:
Toolchain:       MDK-ARM Plus  Version: 5.38.0.0
Toolchain Path:  D:\Keil_v5\ARM\ARM_Compiler_5.06u7\Bin
C Compiler:      Armcc.exe V5.06 update 7 (build 960)
Assembler:       Armasm.exe V5.06 update 7 (build 960)
Linker/Locator:  ArmLink.exe V5.06 update 7 (build 960)
Library Manager: ArmAr.exe V5.06 update 7 (build 960)
Hex Converter:   FromElf.exe V5.06 update 7 (build 960)
CPU DLL:         SARMCM3.DLL V5.38.0.0
Dialog DLL:      DARMSTM.DLL V1.69.1.0
Target DLL:      CMSIS_AGDI.dll V1.33.15.0
Dialog DLL:      TCM.DLL V1.56.4.0
 
<h2>Project:</h2>
D:\huaJ_Files\huaj_proj_ing\FreeRTOS_Trial\Code\Project\my_FreeRTOS.uvprojx
Project File Date:  05/04/2024

<h2>Output:</h2>
*** Using Compiler 'V5.06 update 7 (build 960)', folder: 'D:\Keil_v5\ARM\ARM_Compiler_5.06u7\Bin'
Build target 'Target 1'
compiling main.c...
..\User\main.c(41): warning:  #177-D: variable "Task3_Handle"  was declared but never referenced
  static TaskHandle_t Task3_Handle = NULL;
..\User\main.c(66): warning:  #550-D: variable "Task1RunFlag"  was set but never used
  static int Task1RunFlag = 0;
..\User\main.c(67): warning:  #550-D: variable "Task2RunFlag"  was set but never used
  static int Task2RunFlag = 0;
..\User\main.c(68): warning:  #550-D: variable "Task3RunFlag"  was set but never used
  static int Task3RunFlag = 0;
..\User\main.c(71): warning:  #550-D: variable "flagCaleEnd"  was set but never used
  static int flagCaleEnd = 0;
..\User\main.c(174): warning:  #177-D: function "printf3"  was declared but never referenced
  static void printf3(void* param)
..\User\main.c: 6 warnings, 0 errors
linking...
Program Size: Code=16860 RO-data=336 RW-data=176 ZI-data=39664  
FromELF: creating hex file...
".\Objects\my_FreeRTOS.axf" - 0 Error(s), 6 Warning(s).

<h2>Software Packages used:</h2>

Package Vendor: Keil
                http://www.keil.com/pack/Keil.STM32F1xx_DFP.2.4.0.pack
                Keil.STM32F1xx_DFP.2.4.0
                STMicroelectronics STM32F1 Series Device Support, Drivers and Examples

<h2>Collection of Component include folders:</h2>
  C:/Users/cc/AppData/Local/Arm/Packs/Keil/STM32F1xx_DFP/2.4.0/Device/Include

<h2>Collection of Component Files used:</h2>
Build Time Elapsed:  00:00:01
</pre>
</body>
</html>
